{
  "invoice_number": "INV-HTML-0001",
  "date": "2024-08-31",
  "currency": "EUR",
  "total": 100.0
}
