{
  "invoice_number": "INV-2024-0913",
  "date": "2024-09-13",
  "currency": "USD",
  "total": 39.05
}
